[debug] [2026-09-15T10:33:36.820Z] ----------------------------------------------------------------------
[debug] [2026-09-15T10:33:36.822Z] Command:       /home/rohit/.nvm/versions/node/v22.22.2/bin/node /usr/bin/firebase deploy --only hosting
[debug] [2026-09-15T10:33:36.822Z] CLI Version:   14.12.1
[debug] [2026-09-15T10:33:36.822Z] Platform:      linux
[debug] [2026-09-15T10:33:36.822Z] Node Version:  v22.22.2
[debug] [2026-09-15T10:33:36.822Z] Time:          Tue Sep 15 2026 16:03:36 GMT+0530 (India Standard Time)
[debug] [2026-09-15T10:33:36.822Z] ----------------------------------------------------------------------
[debug] 
[debug] [2026-09-15T10:33:36.993Z] > command requires scopes: ["email","openid","https://www.googleapis.com/auth/cloudplatformprojects.readonly","https://www.googleapis.com/auth/firebase","https://www.googleapis.com/auth/cloud-platform"]
[debug] [2026-09-15T10:33:36.993Z] > authorizing via signed-in user (rohit@quadralyst.com)
[debug] [2026-09-15T10:33:36.994Z] [iam] checking project fruit-chats for permissions ["firebase.projects.get","firebasehosting.sites.update"]
[debug] [2026-09-15T10:33:36.994Z] Checked if tokens are valid: false, expires at: 1789466042337
[debug] [2026-09-15T10:33:36.994Z] Checked if tokens are valid: false, expires at: 1789466042337
[debug] [2026-09-15T10:33:36.995Z] > refreshing access token with scopes: []
[debug] [2026-09-15T10:33:36.996Z] >>> [apiv2][query] POST https://www.googleapis.com/oauth2/v3/token [none]
[debug] [2026-09-15T10:33:36.996Z] >>> [apiv2][body] POST https://www.googleapis.com/oauth2/v3/token [omitted]
[debug] [2026-09-15T10:33:37.138Z] <<< [apiv2][status] POST https://www.googleapis.com/oauth2/v3/token 200
[debug] [2026-09-15T10:33:37.138Z] <<< [apiv2][body] POST https://www.googleapis.com/oauth2/v3/token [omitted]
[debug] [2026-09-15T10:33:37.142Z] >>> [apiv2][query] POST https://cloudresourcemanager.googleapis.com/v1/projects/fruit-chats:testIamPermissions [none]
[debug] [2026-09-15T10:33:37.142Z] >>> [apiv2][(partial)header] POST https://cloudresourcemanager.googleapis.com/v1/projects/fruit-chats:testIamPermissions x-goog-quota-user=projects/fruit-chats
[debug] [2026-09-15T10:33:37.142Z] >>> [apiv2][body] POST https://cloudresourcemanager.googleapis.com/v1/projects/fruit-chats:testIamPermissions {"permissions":["firebase.projects.get","firebasehosting.sites.update"]}
[debug] [2026-09-15T10:33:38.704Z] <<< [apiv2][status] POST https://cloudresourcemanager.googleapis.com/v1/projects/fruit-chats:testIamPermissions 200
[debug] [2026-09-15T10:33:38.704Z] <<< [apiv2][body] POST https://cloudresourcemanager.googleapis.com/v1/projects/fruit-chats:testIamPermissions {}
[debug] [2026-09-15T10:33:38.704Z] [iam] error while checking permissions, command may fail: Authorization failed. This account is missing the following required permissions on project fruit-chats:

  firebase.projects.get
  firebasehosting.sites.update
[debug] [2026-09-15T10:33:38.704Z] Checked if tokens are valid: true, expires at: 1789472016138
[debug] [2026-09-15T10:33:38.704Z] Checked if tokens are valid: true, expires at: 1789472016138
[debug] [2026-09-15T10:33:38.705Z] >>> [apiv2][query] GET https://firebase.googleapis.com/v1beta1/projects/fruit-chats [none]
[debug] [2026-09-15T10:33:39.204Z] <<< [apiv2][status] GET https://firebase.googleapis.com/v1beta1/projects/fruit-chats 403
[debug] [2026-09-15T10:33:39.204Z] <<< [apiv2][body] GET https://firebase.googleapis.com/v1beta1/projects/fruit-chats {"error":{"code":403,"message":"The caller does not have permission","status":"PERMISSION_DENIED"}}
[debug] [2026-09-15T10:33:39.204Z] Request to https://firebase.googleapis.com/v1beta1/projects/fruit-chats had HTTP Error: 403, The caller does not have permission
[debug] [2026-09-15T10:33:39.205Z] FirebaseError: Request to https://firebase.googleapis.com/v1beta1/projects/fruit-chats had HTTP Error: 403, The caller does not have permission
    at responseToError (/usr/lib/node_modules/firebase-tools/lib/responseToError.js:52:12)
    at RetryOperation._fn (/usr/lib/node_modules/firebase-tools/lib/apiv2.js:312:77)
    at process.processTicksAndRejections (node:internal/process/task_queues:103:5)
[error] 
[error] Error: Failed to get Firebase project fruit-chats. Please make sure the project exists and your account has permission to access it.
